Archive member included to satisfy reference by file (symbol)

C:/ST/STM32CubeIDE_1.19.0/STM32CubeIDE/plugins/com.st.stm32cube.ide.mcu.externaltools.gnu-tools-for-stm32.13.3.rel1.win32_1.0.0.202411081344/tools/bin/../lib/gcc/arm-none-eabi/13.3.1/../../../../arm-none-eabi/lib/thumb/v7e-m/nofp\libc_nano.a(libc_a-exit.o)
                              C:/ST/STM32CubeIDE_1.19.0/STM32CubeIDE/plugins/com.st.stm32cube.ide.mcu.externaltools.gnu-tools-for-stm32.13.3.rel1.win32_1.0.0.202411081344/tools/bin/../lib/gcc/arm-none-eabi/13.3.1/../../../../arm-none-eabi/lib/thumb/v7e-m/nofp/crt0.o (exit)
C:/ST/STM32CubeIDE_1.19.0/STM32CubeIDE/plugins/com.st.stm32cube.ide.mcu.externaltools.gnu-tools-for-stm32.13.3.rel1.win32_1.0.0.202411081344/tools/bin/../lib/gcc/arm-none-eabi/13.3.1/../../../../arm-none-eabi/lib/thumb/v7e-m/nofp\libc_nano.a(libc_a-findfp.o)
                              C:/ST/STM32CubeIDE_1.19.0/STM32CubeIDE/plugins/com.st.stm32cube.ide.mcu.externaltools.gnu-tools-for-stm32.13.3.rel1.win32_1.0.0.202411081344/tools/bin/../lib/gcc/arm-none-eabi/13.3.1/../../../../arm-none-eabi/lib/thumb/v7e-m/nofp\libc_nano.a(libc_a-exit.o) (__stdio_exit_handler)
C:/ST/STM32CubeIDE_1.19.0/STM32CubeIDE/plugins/com.st.stm32cube.ide.mcu.externaltools.gnu-tools-for-stm32.13.3.rel1.win32_1.0.0.202411081344/tools/bin/../lib/gcc/arm-none-eabi/13.3.1/../../../../arm-none-eabi/lib/thumb/v7e-m/nofp\libc_nano.a(libc_a-fwalk.o)
                              C:/ST/STM32CubeIDE_1.19.0/STM32CubeIDE/plugins/com.st.stm32cube.ide.mcu.externaltools.gnu-tools-for-stm32.13.3.rel1.win32_1.0.0.202411081344/tools/bin/../lib/gcc/arm-none-eabi/13.3.1/../../../../arm-none-eabi/lib/thumb/v7e-m/nofp\libc_nano.a(libc_a-findfp.o) (_fwalk_sglue)
C:/ST/STM32CubeIDE_1.19.0/STM32CubeIDE/plugins/com.st.stm32cube.ide.mcu.externaltools.gnu-tools-for-stm32.13.3.rel1.win32_1.0.0.202411081344/tools/bin/../lib/gcc/arm-none-eabi/13.3.1/../../../../arm-none-eabi/lib/thumb/v7e-m/nofp\libc_nano.a(libc_a-stdio.o)
                              C:/ST/STM32CubeIDE_1.19.0/STM32CubeIDE/plugins/com.st.stm32cube.ide.mcu.externaltools.gnu-tools-for-stm32.13.3.rel1.win32_1.0.0.202411081344/tools/bin/../lib/gcc/arm-none-eabi/13.3.1/../../../../arm-none-eabi/lib/thumb/v7e-m/nofp\libc_nano.a(libc_a-findfp.o) (__sread)
C:/ST/STM32CubeIDE_1.19.0/STM32CubeIDE/plugins/com.st.stm32cube.ide.mcu.externaltools.gnu-tools-for-stm32.13.3.rel1.win32_1.0.0.202411081344/tools/bin/../lib/gcc/arm-none-eabi/13.3.1/../../../../arm-none-eabi/lib/thumb/v7e-m/nofp\libc_nano.a(libc_a-memset.o)
                              C:/ST/STM32CubeIDE_1.19.0/STM32CubeIDE/plugins/com.st.stm32cube.ide.mcu.externaltools.gnu-tools-for-stm32.13.3.rel1.win32_1.0.0.202411081344/tools/bin/../lib/gcc/arm-none-eabi/13.3.1/../../../../arm-none-eabi/lib/thumb/v7e-m/nofp/crt0.o (memset)
C:/ST/STM32CubeIDE_1.19.0/STM32CubeIDE/plugins/com.st.stm32cube.ide.mcu.externaltools.gnu-tools-for-stm32.13.3.rel1.win32_1.0.0.202411081344/tools/bin/../lib/gcc/arm-none-eabi/13.3.1/../../../../arm-none-eabi/lib/thumb/v7e-m/nofp\libc_nano.a(libc_a-closer.o)
                              C:/ST/STM32CubeIDE_1.19.0/STM32CubeIDE/plugins/com.st.stm32cube.ide.mcu.externaltools.gnu-tools-for-stm32.13.3.rel1.win32_1.0.0.202411081344/tools/bin/../lib/gcc/arm-none-eabi/13.3.1/../../../../arm-none-eabi/lib/thumb/v7e-m/nofp\libc_nano.a(libc_a-stdio.o) (_close_r)
C:/ST/STM32CubeIDE_1.19.0/STM32CubeIDE/plugins/com.st.stm32cube.ide.mcu.externaltools.gnu-tools-for-stm32.13.3.rel1.win32_1.0.0.202411081344/tools/bin/../lib/gcc/arm-none-eabi/13.3.1/../../../../arm-none-eabi/lib/thumb/v7e-m/nofp\libc_nano.a(libc_a-reent.o)
                              C:/ST/STM32CubeIDE_1.19.0/STM32CubeIDE/plugins/com.st.stm32cube.ide.mcu.externaltools.gnu-tools-for-stm32.13.3.rel1.win32_1.0.0.202411081344/tools/bin/../lib/gcc/arm-none-eabi/13.3.1/../../../../arm-none-eabi/lib/thumb/v7e-m/nofp\libc_nano.a(libc_a-closer.o) (errno)
C:/ST/STM32CubeIDE_1.19.0/STM32CubeIDE/plugins/com.st.stm32cube.ide.mcu.externaltools.gnu-tools-for-stm32.13.3.rel1.win32_1.0.0.202411081344/tools/bin/../lib/gcc/arm-none-eabi/13.3.1/../../../../arm-none-eabi/lib/thumb/v7e-m/nofp\libc_nano.a(libc_a-impure.o)
                              C:/ST/STM32CubeIDE_1.19.0/STM32CubeIDE/plugins/com.st.stm32cube.ide.mcu.externaltools.gnu-tools-for-stm32.13.3.rel1.win32_1.0.0.202411081344/tools/bin/../lib/gcc/arm-none-eabi/13.3.1/../../../../arm-none-eabi/lib/thumb/v7e-m/nofp\libc_nano.a(libc_a-reent.o) (_impure_ptr)
C:/ST/STM32CubeIDE_1.19.0/STM32CubeIDE/plugins/com.st.stm32cube.ide.mcu.externaltools.gnu-tools-for-stm32.13.3.rel1.win32_1.0.0.202411081344/tools/bin/../lib/gcc/arm-none-eabi/13.3.1/../../../../arm-none-eabi/lib/thumb/v7e-m/nofp\libc_nano.a(libc_a-lseekr.o)
[...]
Memory Configuration

Name             Origin             Length             Attributes
CCMRAM           0x10000000         0x00010000         xrw
RAM              0x20000000         0x00020000         xrw
FLASH            0x08004000         0x000f0000         xr
*default*        0x00000000         0xffffffff

Linker script and memory map

LOAD C:/ST/STM32CubeIDE_1.19.0/STM32CubeIDE/plugins/com.st.stm32cube.ide.mcu.externaltools.gnu-tools-for-stm32.13.3.rel1.win32_1.0.0.202411081344/tools/bin/../lib/gcc/arm-none-eabi/13.3.1/thumb/v7e-m/nofp/crti.o
LOAD C:/ST/STM32CubeIDE_1.19.0/STM32CubeIDE/plugins/com.st.stm32cube.ide.mcu.externaltools.gnu-tools-for-stm32.13.3.rel1.win32_1.0.0.202411081344/tools/bin/../lib/gcc/arm-none-eabi/13.3.1/thumb/v7e-m/nofp/crtbegin.o
LOAD C:/ST/STM32CubeIDE_1.19.0/STM32CubeIDE/plugins/com.st.stm32cube.ide.mcu.externaltools.gnu-tools-for-stm32.13.3.rel1.win32_1.0.0.202411081344/tools/bin/../lib/gcc/arm-none-eabi/13.3.1/../../../../arm-none-eabi/lib/thumb/v7e-m/nofp/crt0.o
START GROUP
LOAD C:/ST/STM32CubeIDE_1.19.0/STM32CubeIDE/plugins/com.st.stm32cube.ide.mcu.externaltools.gnu-tools-for-stm32.13.3.rel1.win32_1.0.0.202411081344/tools/bin/../lib/gcc/arm-none-eabi/13.3.1/../../../../arm-none-eabi/lib/thumb/v7e-m/nofp\libc_nano.a
LOAD C:/ST/STM32CubeIDE_1.19.0/STM32CubeIDE/plugins/com.st.stm32cube.ide.mcu.externaltools.gnu-tools-for-stm32.13.3.rel1.win32_1.0.0.202411081344/tools/bin/../lib/gcc/arm-none-eabi/13.3.1/../../../../arm-none-eabi/lib/thumb/v7e-m/nofp\libm.a
END GROUP
LOAD CMakeFiles/opsys.dir/Startup/startup_stm32f407vgtx.s.obj
LOAD CMakeFiles/opsys.dir/Sources/main.c.obj
LOAD CMakeFiles/opsys.dir/Sources/lcd/screenDriver.c.obj
LOAD CMakeFiles/opsys.dir/Sources/lcd/font.c.obj
LOAD CMakeFiles/opsys.dir/Sources/general/mcuHeader.c.obj
LOAD CMakeFiles/opsys.dir/Sources/flash/flashManager.c.obj
LOAD CMakeFiles/opsys.dir/Sources/flash/asmRoutines.S.obj
LOAD CMakeFiles/opsys.dir/Sources/programs/bootScreen.c.obj
LOAD CMakeFiles/opsys.dir/Sources/programs/terminal.c.obj
LOAD CMakeFiles/opsys.dir/Sources/programs/fileViewer.c.obj
LOAD CMakeFiles/opsys.dir/Sources/keyboard/ps-2Interface.c.obj
LOAD CMakeFiles/opsys.dir/Sources/general/allocator.c.obj
LOAD CMakeFiles/opsys.dir/Sources/general/interruptController.c.obj
LOAD CMakeFiles/opsys.dir/Sources/syscalls.c.obj
START GROUP
LOAD C:/ST/STM32CubeIDE_1.19.0/STM32CubeIDE/plugins/com.st.stm32cube.ide.mcu.externaltools.gnu-tools-for-stm32.13.3.rel1.win32_1.0.0.202411081344/tools/bin/../lib/gcc/arm-none-eabi/13.3.1/thumb/v7e-m/nofp\libgcc.a
LOAD C:/ST/STM32CubeIDE_1.19.0/STM32CubeIDE/plugins/com.st.stm32cube.ide.mcu.externaltools.gnu-tools-for-stm32.13.3.rel1.win32_1.0.0.202411081344/tools/bin/../lib/gcc/arm-none-eabi/13.3.1/../../../../arm-none-eabi/lib/thumb/v7e-m/nofp\libg_nano.a
LOAD C:/ST/STM32CubeIDE_1.19.0/STM32CubeIDE/plugins/com.st.stm32cube.ide.mcu.externaltools.gnu-tools-for-stm32.13.3.rel1.win32_1.0.0.202411081344/tools/bin/../lib/gcc/arm-none-eabi/13.3.1/../../../../arm-none-eabi/lib/thumb/v7e-m/nofp\libc_nano.a
END GROUP
START GROUP
LOAD C:/ST/STM32CubeIDE_1.19.0/STM32CubeIDE/plugins/com.st.stm32cube.ide.mcu.externaltools.gnu-tools-for-stm32.13.3.rel1.win32_1.0.0.202411081344/tools/bin/../lib/gcc/arm-none-eabi/13.3.1/thumb/v7e-m/nofp\libgcc.a
LOAD C:/ST/STM32CubeIDE_1.19.0/STM32CubeIDE/plugins/com.st.stm32cube.ide.mcu.externaltools.gnu-tools-for-stm32.13.3.rel1.win32_1.0.0.202411081344/tools/bin/../lib/gcc/arm-none-eabi/13.3.1/../../../../arm-none-eabi/lib/thumb/v7e-m/nofp\libc_nano.a
LOAD C:/ST/STM32CubeIDE_1.19.0/STM32CubeIDE/plugins/com.st.stm32cube.ide.mcu.externaltools.gnu-tools-for-stm32.13.3.rel1.win32_1.0.0.202411081344/tools/bin/../lib/gcc/arm-none-eabi/13.3.1/../../../../arm-none-eabi/lib/thumb/v7e-m/nofp\libnosys.a
END GROUP
START GROUP
LOAD C:/ST/STM32CubeIDE_1.19.0/STM32CubeIDE/plugins/com.st.stm32cube.ide.mcu.externaltools.gnu-tools-for-stm32.13.3.rel1.win32_1.0.0.202411081344/tools/bin/../lib/gcc/arm-none-eabi/13.3.1/thumb/v7e-m/nofp\libgcc.a
LOAD C:/ST/STM32CubeIDE_1.19.0/STM32CubeIDE/plugins/com.st.stm32cube.ide.mcu.externaltools.gnu-tools-for-stm32.13.3.rel1.win32_1.0.0.202411081344/tools/bin/../lib/gcc/arm-none-eabi/13.3.1/../../../../arm-none-eabi/lib/thumb/v7e-m/nofp\libc_nano.a
LOAD C:/ST/STM32CubeIDE_1.19.0/STM32CubeIDE/plugins/com.st.stm32cube.ide.mcu.externaltools.gnu-tools-for-stm32.13.3.rel1.win32_1.0.0.202411081344/tools/bin/../lib/gcc/arm-none-eabi/13.3.1/../../../../arm-none-eabi/lib/thumb/v7e-m/nofp\libnosys.a
END GROUP
LOAD C:/ST/STM32CubeIDE_1.19.0/STM32CubeIDE/plugins/com.st.stm32cube.ide.mcu.externaltools.gnu-tools-for-stm32.13.3.rel1.win32_1.0.0.202411081344/tools/bin/../lib/gcc/arm-none-eabi/13.3.1/thumb/v7e-m/nofp/crtend.o
LOAD C:/ST/STM32CubeIDE_1.19.0/STM32CubeIDE/plugins/com.st.stm32cube.ide.mcu.externaltools.gnu-tools-for-stm32.13.3.rel1.win32_1.0.0.202411081344/tools/bin/../lib/gcc/arm-none-eabi/13.3.1/thumb/v7e-m/nofp/crtn.o
                0x20020000                        _estack = (ORIGIN (RAM) + LENGTH (RAM))
                0x00000400                        _Min_Heap_Size = 0x400
                0x00000400                        _Min_Stack_Size = 0x400

.isr_vector     0x08004000      0x188
                0x08004000                        . = ALIGN (0x4)
 *(.isr_vector)
 .isr_vector    0x08004000      0x188 CMakeFiles/opsys.dir/Startup/startup_stm32f407vgtx.s.obj
                0x08004000                g_pfnVectors
                0x08004188                        . = ALIGN (0x4)

.text           0x08004188     0x1cfc
                0x08004188                        . = ALIGN (0x4)
 *(.text)
 .text          0x08004188       0x40 C:/ST/STM32CubeIDE_1.19.0/STM32CubeIDE/plugins/com.st.stm32cube.ide.mcu.externaltools.gnu-tools-for-stm32.13.3.rel1.win32_1.0.0.202411081344/tools/bin/../lib/gcc/arm-none-eabi/13.3.1/thumb/v7e-m/nofp/crtbegin.o
 .text          0x080041c8       0x36 CMakeFiles/opsys.dir/Sources/main.c.obj
                0x080041c8                main
 *fill*         0x080041fe        0x2 
 .text          0x08004200      0x6ac CMakeFiles/opsys.dir/Sources/lcd/screenDriver.c.obj
                0x08004260                changeColor
                0x08004280                changeBackdrop
                0x080042a0                getRow
                0x080042b4                LCD_INIT
                0x0800450c                clearLCD
                0x080045c0                moveCursor
                0x080045f0                dispc
                0x08004724                textCoordChar
                0x0800474a                putChar
                0x080047e8                putString
                0x0800482a                printNum
 .text          0x080048ac      0x3f0 CMakeFiles/opsys.dir/Sources/general/mcuHeader.c.obj
                0x080048ac                SystemInit
                0x08004958                delay_ms
                0x08004994                pulse_speaker
                0x080049bc                pinout
                0x08004bcc                playTone
                0x08004c84                SYSRESET
 .text          0x08004c9c      0x6dc CMakeFiles/opsys.dir/Sources/flash/flashManager.c.obj
                0x08004c9c                unlockFlash
                0x08004cc0                setPsize
                0x08004ce8                prepareSector
                0x08004d64                writeWordToFlash
                0x08004de4                resetFlash
                0x08004e14                writeDataToFlash
                0x08004ebc                writeFlashToRamBuffer
                0x08004f04                allocMetadataBuf
                0x08004f60                writeToPkg
                0x08005048                writeDataToSector
                0x0800507c                addFlashPkg
                0x080050ec                retrievePkg
                0x0800515c                loadPkgIntoRam
                0x08005194                readDataSafe
                0x080051c0                removePkg
                0x08005254                compressPkgs
                0x08005310                saveMetaBuffer
 .text          0x08005378       0xac CMakeFiles/opsys.dir/Sources/programs/fileViewer.c.obj
                0x08005378                displayFileTxt
                0x0800540c                displayFilePicture
                0x08005418                displayFileAsm
 .text          0x08005424      0x478 CMakeFiles/opsys.dir/Sources/keyboard/ps-2Interface.c.obj
                0x08005424                init_ascii_maps
                0x0800573c                interruptHandler
                0x080057b8                convertScanCode
                0x080057f0                readNewChar
                0x08005824                idleUntilPress
                0x08005848                readLastChar
                0x08005860                idleUntilNextChar
                0x08005888                initKeyboardInterface
 .text          0x0800589c      0x404 CMakeFiles/opsys.dir/Sources/general/allocator.c.obj
                0x0800594c                initHeap
                0x080059e0                alloc
                0x08005b24                discard
                0x08005c1c                memcopy
 .text          0x08005ca0      0x130 CMakeFiles/opsys.dir/Sources/general/interruptController.c.obj
                0x08005ca0                writeHandlerToTable
                0x08005cfc                dispatcher
                0x08005d28                enableFallingEdgeB6
 *(.text*)
 .text.__libc_init_array
                0x08005dd0       0x48 C:/ST/STM32CubeIDE_1.19.0/STM32CubeIDE/plugins/com.st.stm32cube.ide.mcu.externaltools.gnu-tools-for-stm32.13.3.rel1.win32_1.0.0.202411081344/tools/bin/../lib/gcc/arm-none-eabi/13.3.1/../../../../arm-none-eabi/lib/thumb/v7e-m/nofp\libc_nano.a(libc_a-init.o)
                0x08005dd0                __libc_init_array
 .text.Reset_Handler
                0x08005e18       0x50 CMakeFiles/opsys.dir/Startup/startup_stm32f407vgtx.s.obj
                0x08005e18                Reset_Handler
 .text.Default_Handler
                0x08005e68        0x2 CMakeFiles/opsys.dir/Startup/startup_stm32f407vgtx.s.obj
                0x08005e68                RTC_Alarm_IRQHandler
                0x08005e68                HASH_RNG_IRQHandler
                0x08005e68                EXTI2_IRQHandler
                0x08005e68                TIM8_CC_IRQHandler
                0x08005e68                DebugMon_Handler
                0x08005e68                TIM1_CC_IRQHandler
                0x08005e68                DMA2_Stream5_IRQHandler
                0x08005e68                HardFault_Handler
                0x08005e68                DMA1_Stream5_IRQHandler
                0x08005e68                SysTick_Handler
                0x08005e68                PVD_IRQHandler
                0x08005e68                SDIO_IRQHandler
                0x08005e68                TAMP_STAMP_IRQHandler
                0x08005e68                PendSV_Handler
                0x08005e68                NMI_Handler
                0x08005e68                CAN2_RX1_IRQHandler
                0x08005e68                EXTI3_IRQHandler
                0x08005e68                TIM8_TRG_COM_TIM14_IRQHandler
                0x08005e68                TIM1_UP_TIM10_IRQHandler
                0x08005e68                TIM8_UP_TIM13_IRQHandler
                0x08005e68                I2C3_ER_IRQHandler
                0x08005e68                EXTI0_IRQHandler
                0x08005e68                I2C2_EV_IRQHandler
                0x08005e68                DMA1_Stream2_IRQHandler
                0x08005e68                CAN1_RX0_IRQHandler
                0x08005e68                FPU_IRQHandler
                0x08005e68                OTG_HS_WKUP_IRQHandler
                0x08005e68                UsageFault_Handler
                0x08005e68                CAN2_SCE_IRQHandler
                0x08005e68                DMA2_Stream2_IRQHandler
                0x08005e68                SPI1_IRQHandler
                0x08005e68                TIM6_DAC_IRQHandler
                0x08005e68                TIM1_BRK_TIM9_IRQHandler
                0x08005e68                DCMI_IRQHandler
                0x08005e68                CAN2_RX0_IRQHandler
                0x08005e68                DMA2_Stream3_IRQHandler
                0x08005e68                USART6_IRQHandler
                0x08005e68                USART3_IRQHandler
                0x08005e68                CRYP_IRQHandler
                0x08005e68                CAN1_RX1_IRQHandler
                0x08005e68                UART5_IRQHandler
                0x08005e68                DMA2_Stream0_IRQHandler
                0x08005e68                TIM4_IRQHandler
                0x08005e68                I2C1_EV_IRQHandler
                0x08005e68                DMA1_Stream6_IRQHandler
                0x08005e68                DMA1_Stream1_IRQHandler
                0x08005e68                UART4_IRQHandler
                0x08005e68                TIM3_IRQHandler
                0x08005e68                RCC_IRQHandler
                0x08005e68                TIM8_BRK_TIM12_IRQHandler
                0x08005e68                Default_Handler
                0x08005e68                EXTI15_10_IRQHandler
                0x08005e68                ADC_IRQHandler
                0x08005e68                DMA1_Stream7_IRQHandler
                0x08005e68                TIM7_IRQHandler
                0x08005e68                CAN2_TX_IRQHandler
                0x08005e68                TIM5_IRQHandler
                0x08005e68                DMA2_Stream7_IRQHandler
                0x08005e68                I2C3_EV_IRQHandler
                0x08005e68                EXTI9_5_IRQHandler
                0x08005e68                RTC_WKUP_IRQHandler
                0x08005e68                ETH_WKUP_IRQHandler
                0x08005e68                SPI2_IRQHandler
                0x08005e68                OTG_HS_EP1_IN_IRQHandler
                0x08005e68                MemManage_Handler
                0x08005e68                DMA1_Stream0_IRQHandler
                0x08005e68                CAN1_TX_IRQHandler
                0x08005e68                SVC_Handler
                0x08005e68                EXTI4_IRQHandler
                0x08005e68                FSMC_IRQHandler
                0x08005e68                ETH_IRQHandler
                0x08005e68                OTG_HS_EP1_OUT_IRQHandler
                0x08005e68                WWDG_IRQHandler
                0x08005e68                TIM2_IRQHandler
                0x08005e68                OTG_FS_WKUP_IRQHandler
                0x08005e68                TIM1_TRG_COM_TIM11_IRQHandler
                0x08005e68                OTG_HS_IRQHandler
                0x08005e68                EXTI1_IRQHandler
                0x08005e68                USART2_IRQHandler
                0x08005e68                I2C2_ER_IRQHandler
                0x08005e68                DMA2_Stream1_IRQHandler
                0x08005e68                CAN1_SCE_IRQHandler
                0x08005e68                DMA2_Stream4_IRQHandler
                0x08005e68                BusFault_Handler
                0x08005e68                USART1_IRQHandler
                0x08005e68                OTG_FS_IRQHandler
                0x08005e68                SPI3_IRQHandler
                0x08005e68                DMA1_Stream4_IRQHandler
                0x08005e68                I2C1_ER_IRQHandler
                0x08005e68                DMA2_Stream6_IRQHandler
                0x08005e68                DMA1_Stream3_IRQHandler
 *(.glue_7)
 .glue_7        0x08005e6a        0x0 linker stubs
 *(.glue_7t)
 .glue_7t       0x08005e6a        0x0 linker stubs
 *(.eh_frame)
 *fill*         0x08005e6a        0x2 
 .eh_frame      0x08005e6c        0x0 C:/ST/STM32CubeIDE_1.19.0/STM32CubeIDE/plugins/com.st.stm32cube.ide.mcu.externaltools.gnu-tools-for-stm32.13.3.rel1.win32_1.0.0.202411081344/tools/bin/../lib/gcc/arm-none-eabi/13.3.1/thumb/v7e-m/nofp/crtbegin.o
 *(.init)
 .init          0x08005e6c        0x4 C:/ST/STM32CubeIDE_1.19.0/STM32CubeIDE/plugins/com.st.stm32cube.ide.mcu.externaltools.gnu-tools-for-stm32.13.3.rel1.win32_1.0.0.202411081344/tools/bin/../lib/gcc/arm-none-eabi/13.3.1/thumb/v7e-m/nofp/crti.o
                0x08005e6c                _init
 .init          0x08005e70        0x8 C:/ST/STM32CubeIDE_1.19.0/STM32CubeIDE/plugins/com.st.stm32cube.ide.mcu.externaltools.gnu-tools-for-stm32.13.3.rel1.win32_1.0.0.202411081344/tools/bin/../lib/gcc/arm-none-eabi/13.3.1/thumb/v7e-m/nofp/crtn.o
 *(.fini)
 .fini          0x08005e78        0x4 C:/ST/STM32CubeIDE_1.19.0/STM32CubeIDE/plugins/com.st.stm32cube.ide.mcu.externaltools.gnu-tools-for-stm32.13.3.rel1.win32_1.0.0.202411081344/tools/bin/../lib/gcc/arm-none-eabi/13.3.1/thumb/v7e-m/nofp/crti.o
                0x08005e78                _fini
 .fini          0x08005e7c        0x8 C:/ST/STM32CubeIDE_1.19.0/STM32CubeIDE/plugins/com.st.stm32cube.ide.mcu.externaltools.gnu-tools-for-stm32.13.3.rel1.win32_1.0.0.202411081344/tools/bin/../lib/gcc/arm-none-eabi/13.3.1/thumb/v7e-m/nofp/crtn.o
                0x08005e84                        . = ALIGN (0x4)
                0x08005e84                        _etext = .

.vfp11_veneer   0x08005e84        0x0
 .vfp11_veneer  0x08005e84        0x0 linker stubs

.v4_bx          0x08005e84        0x0
 .v4_bx         0x08005e84        0x0 linker stubs

.iplt           0x08005e84        0x0
 .iplt          0x08005e84        0x0 C:/ST/STM32CubeIDE_1.19.0/STM32CubeIDE/plugins/com.st.stm32cube.ide.mcu.externaltools.gnu-tools-for-stm32.13.3.rel1.win32_1.0.0.202411081344/tools/bin/../lib/gcc/arm-none-eabi/13.3.1/thumb/v7e-m/nofp/crtbegin.o

.rodata         0x08005e84      0x5b0
                0x08005e84                        . = ALIGN (0x4)
 *(.rodata)
 .rodata        0x08005e84       0x1f CMakeFiles/opsys.dir/Sources/lcd/screenDriver.c.obj
 *fill*         0x08005ea3        0x1 
 .rodata        0x08005ea4      0x400 CMakeFiles/opsys.dir/Sources/lcd/font.c.obj
                0x08005ea4                font8x8_basic
 .rodata        0x080062a4       0x30 CMakeFiles/opsys.dir/Sources/flash/flashManager.c.obj
                0x080062a4                flash_sector_offset
 .rodata        0x080062d4       0x5f CMakeFiles/opsys.dir/Sources/programs/fileViewer.c.obj
 *fill*         0x08006333        0x1 
 .rodata        0x08006334      0x100 CMakeFiles/opsys.dir/Sources/keyboard/ps-2Interface.c.obj
                0x08006334                ascii_unshifted
                0x080063b4                ascii_shifted
 *(.rodata*)
                0x08006434                        . = ALIGN (0x4)

.ARM.extab      0x08006434        0x0
                0x08006434                        . = ALIGN (0x4)
 *(.ARM.extab* .gnu.linkonce.armextab.*)
                0x08006434                        . = ALIGN (0x4)

.ARM            0x08006434        0x0
                0x08006434                        . = ALIGN (0x4)
                0x08006434                        __exidx_start = .
 *(.ARM.exidx*)
                0x08006434                        __exidx_end = .
                0x08006434                        . = ALIGN (0x4)

.preinit_array  0x08006434        0x0
                0x08006434                        . = ALIGN (0x4)
                0x08006434                        PROVIDE (__preinit_array_start = .)
 *(.preinit_array*)
                0x08006434                        PROVIDE (__preinit_array_end = .)
                0x08006434                        . = ALIGN (0x4)

.init_array     0x08006434        0x4
                0x08006434                        . = ALIGN (0x4)
                0x08006434                        PROVIDE (__init_array_start = .)
 *(SORT_BY_NAME(.init_array.*))
 *(.init_array*)
 .init_array    0x08006434        0x4 C:/ST/STM32CubeIDE_1.19.0/STM32CubeIDE/plugins/com.st.stm32cube.ide.mcu.externaltools.gnu-tools-for-stm32.13.3.rel1.win32_1.0.0.202411081344/tools/bin/../lib/gcc/arm-none-eabi/13.3.1/thumb/v7e-m/nofp/crtbegin.o
                0x08006438                        PROVIDE (__init_array_end = .)
                0x08006438                        . = ALIGN (0x4)

.fini_array     0x08006438        0x4
                0x08006438                        . = ALIGN (0x4)
                [!provide]                        PROVIDE (__fini_array_start = .)
 *(SORT_BY_NAME(.fini_array.*))
 *(.fini_array*)
 .fini_array    0x08006438        0x4 C:/ST/STM32CubeIDE_1.19.0/STM32CubeIDE/plugins/com.st.stm32cube.ide.mcu.externaltools.gnu-tools-for-stm32.13.3.rel1.win32_1.0.0.202411081344/tools/bin/../lib/gcc/arm-none-eabi/13.3.1/thumb/v7e-m/nofp/crtbegin.o
                [!provide]                        PROVIDE (__fini_array_end = .)
                0x0800643c                        . = ALIGN (0x4)
                0x0800643c                        _sidata = LOADADDR (.data)

.rel.dyn        0x0800643c        0x0
 .rel.iplt      0x0800643c        0x0 C:/ST/STM32CubeIDE_1.19.0/STM32CubeIDE/plugins/com.st.stm32cube.ide.mcu.externaltools.gnu-tools-for-stm32.13.3.rel1.win32_1.0.0.202411081344/tools/bin/../lib/gcc/arm-none-eabi/13.3.1/thumb/v7e-m/nofp/crtbegin.o

.data           0x20000000        0x4 load address 0x0800643c
                0x20000000                        . = ALIGN (0x4)
                0x20000000                        _sdata = .
 *(.data)
 .data          0x20000000        0x1 CMakeFiles/opsys.dir/Sources/keyboard/ps-2Interface.c.obj
                0x20000000                lastFullScanCode
 *(.data*)
 *(.RamFunc)
 *(.RamFunc*)
                0x20000004                        . = ALIGN (0x4)
 *fill*         0x20000001        0x3 
                0x20000004                        _edata = .
                0x08006440                        _siccmram = LOADADDR (.ccmram)

.igot.plt       0x20000004        0x0 load address 0x08006440
 .igot.plt      0x20000004        0x0 C:/ST/STM32CubeIDE_1.19.0/STM32CubeIDE/plugins/com.st.stm32cube.ide.mcu.externaltools.gnu-tools-for-stm32.13.3.rel1.win32_1.0.0.202411081344/tools/bin/../lib/gcc/arm-none-eabi/13.3.1/thumb/v7e-m/nofp/crtbegin.o

.ccmram         0x10000000        0x0 load address 0x08006440
                0x10000000                        . = ALIGN (0x4)
                0x10000000                        _sccmram = .
 *(.ccmram)
 *(.ccmram*)
                0x10000000                        . = ALIGN (0x4)
                0x10000000                        _eccmram = .
                0x10000000                        . = ALIGN (0x4)

.bss            0x20000080     0xf48c
                0x20000080                        _sbss = .
                0x20000080                        __bss_start__ = _sbss
 *(.bss)
 .bss           0x20000080       0x1c C:/ST/STM32CubeIDE_1.19.0/STM32CubeIDE/plugins/com.st.stm32cube.ide.mcu.externaltools.gnu-tools-for-stm32.13.3.rel1.win32_1.0.0.202411081344/tools/bin/../lib/gcc/arm-none-eabi/13.3.1/thumb/v7e-m/nofp/crtbegin.o
 .bss           0x2000009c        0x6 CMakeFiles/opsys.dir/Sources/lcd/screenDriver.c.obj
                0x2000009c                row
                0x2000009d                col
                0x2000009e                color
                0x200000a0                backdrop
 *fill*         0x200000a2        0x2 
 .bss           0x200000a4        0x4 CMakeFiles/opsys.dir/Sources/general/mcuHeader.c.obj
                0x200000a4                SystemCoreClock
 .bss           0x200000a8       0x10 CMakeFiles/opsys.dir/Sources/flash/flashManager.c.obj
                0x200000a8                sectorDir
                0x200000ac                pkgMetaBuf
                0x200000b0                numPkg
                0x200000b4                flashUsed
 .bss           0x200000b8        0x3 CMakeFiles/opsys.dir/Sources/keyboard/ps-2Interface.c.obj
                0x200000b8                currentShift
                0x200000b9                currentScanCode
                0x200000ba                shiftToggle
 *fill*         0x200000bb        0x1 
 .bss           0x200000bc     0xf2a8 CMakeFiles/opsys.dir/Sources/general/allocator.c.obj
 *fill*         0x2000f364       0x1c 
 .bss           0x2000f380      0x18c CMakeFiles/opsys.dir/Sources/general/interruptController.c.obj
                0x2000f380                ramVectorTable
                0x2000f508                userHandler
 *(.bss*)
 *(COMMON)
                0x2000f50c                        . = ALIGN (0x4)
                0x2000f50c                        _ebss = .
                0x2000f50c                        __bss_end__ = _ebss

._user_heap_stack
                0x2000f50c      0x804
                0x2000f510                        . = ALIGN (0x8)
 *fill*         0x2000f50c        0x4 
                0x2000f510                        PROVIDE (end = .)
                [!provide]                        PROVIDE (_end = .)
                0x2000f910                        . = (. + _Min_Heap_Size)
 *fill*         0x2000f510      0x400 
                0x2000fd10                        . = (. + _Min_Stack_Size)
 *fill*         0x2000f910      0x400 
                0x2000fd10                        . = ALIGN (0x8)

/DISCARD/
 libc.a(*)
 libm.a(*)
 libgcc.a(*)

.ARM.attributes
                0x00000000       0x2e
 *(.ARM.attributes)
 .ARM.attributes
                0x00000000       0x1e C:/ST/STM32CubeIDE_1.19.0/STM32CubeIDE/plugins/com.st.stm32cube.ide.mcu.externaltools.gnu-tools-for-stm32.13.3.rel1.win32_1.0.0.202411081344/tools/bin/../lib/gcc/arm-none-eabi/13.3.1/thumb/v7e-m/nofp/crti.o
 .ARM.attributes
                0x0000001e       0x2e C:/ST/STM32CubeIDE_1.19.0/STM32CubeIDE/plugins/com.st.stm32cube.ide.mcu.externaltools.gnu-tools-for-stm32.13.3.rel1.win32_1.0.0.202411081344/tools/bin/../lib/gcc/arm-none-eabi/13.3.1/thumb/v7e-m/nofp/crtbegin.o
 .ARM.attributes
                0x0000004c       0x2e C:/ST/STM32CubeIDE_1.19.0/STM32CubeIDE/plugins/com.st.stm32cube.ide.mcu.externaltools.gnu-tools-for-stm32.13.3.rel1.win32_1.0.0.202411081344/tools/bin/../lib/gcc/arm-none-eabi/13.3.1/../../../../arm-none-eabi/lib/thumb/v7e-m/nofp\libc_nano.a(libc_a-init.o)
 .ARM.attributes
                0x0000007a       0x21 CMakeFiles/opsys.dir/Startup/startup_stm32f407vgtx.s.obj
 .ARM.attributes
                0x0000009b       0x2e CMakeFiles/opsys.dir/Sources/main.c.obj
 .ARM.attributes
                0x000000c9       0x2e CMakeFiles/opsys.dir/Sources/lcd/screenDriver.c.obj
 .ARM.attributes
                0x000000f7       0x2e CMakeFiles/opsys.dir/Sources/lcd/font.c.obj
 .ARM.attributes
                0x00000125       0x2e CMakeFiles/opsys.dir/Sources/general/mcuHeader.c.obj
 .ARM.attributes
                0x00000153       0x2e CMakeFiles/opsys.dir/Sources/flash/flashManager.c.obj
 .ARM.attributes
                0x00000181       0x2e CMakeFiles/opsys.dir/Sources/programs/fileViewer.c.obj
 .ARM.attributes
                0x000001af       0x2e CMakeFiles/opsys.dir/Sources/keyboard/ps-2Interface.c.obj
 .ARM.attributes
                0x000001dd       0x2e CMakeFiles/opsys.dir/Sources/general/allocator.c.obj
 .ARM.attributes
                0x0000020b       0x2e CMakeFiles/opsys.dir/Sources/general/interruptController.c.obj
 .ARM.attributes
                0x00000239       0x1e C:/ST/STM32CubeIDE_1.19.0/STM32CubeIDE/plugins/com.st.stm32cube.ide.mcu.externaltools.gnu-tools-for-stm32.13.3.rel1.win32_1.0.0.202411081344/tools/bin/../lib/gcc/arm-none-eabi/13.3.1/thumb/v7e-m/nofp/crtn.o
OUTPUT(opsys.elf elf32-littlearm)
LOAD linker stubs
LOAD C:/ST/STM32CubeIDE_1.19.0/STM32CubeIDE/plugins/com.st.stm32cube.ide.mcu.externaltools.gnu-tools-for-stm32.13.3.rel1.win32_1.0.0.202411081344/tools/bin/../lib/gcc/arm-none-eabi/13.3.1/../../../../arm-none-eabi/lib/thumb/v7e-m/nofp\libc.a
LOAD C:/ST/STM32CubeIDE_1.19.0/STM32CubeIDE/plugins/com.st.stm32cube.ide.mcu.externaltools.gnu-tools-for-stm32.13.3.rel1.win32_1.0.0.202411081344/tools/bin/../lib/gcc/arm-none-eabi/13.3.1/../../../../arm-none-eabi/lib/thumb/v7e-m/nofp\libm.a
LOAD C:/ST/STM32CubeIDE_1.19.0/STM32CubeIDE/plugins/com.st.stm32cube.ide.mcu.externaltools.gnu-tools-for-stm32.13.3.rel1.win32_1.0.0.202411081344/tools/bin/../lib/gcc/arm-none-eabi/13.3.1/thumb/v7e-m/nofp\libgcc.a

.debug_frame    0x00000000      0x8a0
 .debug_frame   0x00000000       0x2c C:/ST/STM32CubeIDE_1.19.0/STM32CubeIDE/plugins/com.st.stm32cube.ide.mcu.externaltools.gnu-tools-for-stm32.13.3.rel1.win32_1.0.0.202411081344/tools/bin/../lib/gcc/arm-none-eabi/13.3.1/../../../../arm-none-eabi/lib/thumb/v7e-m/nofp\libc_nano.a(libc_a-init.o)
 .debug_frame   0x0000002c       0x2c CMakeFiles/opsys.dir/Sources/main.c.obj
 .debug_frame   0x00000058      0x1d0 CMakeFiles/opsys.dir/Sources/lcd/screenDriver.c.obj
 .debug_frame   0x00000228       0xe8 CMakeFiles/opsys.dir/Sources/general/mcuHeader.c.obj
 .debug_frame   0x00000310      0x274 CMakeFiles/opsys.dir/Sources/flash/flashManager.c.obj
 .debug_frame   0x00000584       0x74 CMakeFiles/opsys.dir/Sources/programs/fileViewer.c.obj
 .debug_frame   0x000005f8      0x110 CMakeFiles/opsys.dir/Sources/keyboard/ps-2Interface.c.obj
 .debug_frame   0x00000708      0x120 CMakeFiles/opsys.dir/Sources/general/allocator.c.obj
 .debug_frame   0x00000828       0x78 CMakeFiles/opsys.dir/Sources/general/interruptController.c.obj

.debug_line     0x00000000     0x2596
 .debug_line    0x00000000       0x7b CMakeFiles/opsys.dir/Startup/startup_stm32f407vgtx.s.obj
 .debug_line    0x0000007b      0x3ba CMakeFiles/opsys.dir/Sources/main.c.obj
 .debug_line    0x00000435      0x544 CMakeFiles/opsys.dir/Sources/lcd/screenDriver.c.obj
 .debug_line    0x00000979       0x70 CMakeFiles/opsys.dir/Sources/lcd/font.c.obj
 .debug_line    0x000009e9      0x3e5 CMakeFiles/opsys.dir/Sources/general/mcuHeader.c.obj
 .debug_line    0x00000dce      0x6b1 CMakeFiles/opsys.dir/Sources/flash/flashManager.c.obj
 .debug_line    0x0000147f      0x3cc CMakeFiles/opsys.dir/Sources/programs/fileViewer.c.obj
 .debug_line    0x0000184b      0x557 CMakeFiles/opsys.dir/Sources/keyboard/ps-2Interface.c.obj
 .debug_line    0x00001da2      0x4e7 CMakeFiles/opsys.dir/Sources/general/allocator.c.obj
 .debug_line    0x00002289      0x30d CMakeFiles/opsys.dir/Sources/general/interruptController.c.obj

.debug_line_str
                0x00000000       0x8c
 .debug_line_str
                0x00000000       0x8c CMakeFiles/opsys.dir/Startup/startup_stm32f407vgtx.s.obj

.debug_info     0x00000000     0x16d8
 .debug_info    0x00000000       0x30 CMakeFiles/opsys.dir/Startup/startup_stm32f407vgtx.s.obj
 .debug_info    0x00000030      0x131 CMakeFiles/opsys.dir/Sources/main.c.obj
 .debug_info    0x00000161      0x431 CMakeFiles/opsys.dir/Sources/lcd/screenDriver.c.obj
 .debug_info    0x00000592       0x67 CMakeFiles/opsys.dir/Sources/lcd/font.c.obj
 .debug_info    0x000005f9      0x1e3 CMakeFiles/opsys.dir/Sources/general/mcuHeader.c.obj
 .debug_info    0x000007dc      0x576 CMakeFiles/opsys.dir/Sources/flash/flashManager.c.obj
 .debug_info    0x00000d52      0x1f7 CMakeFiles/opsys.dir/Sources/programs/fileViewer.c.obj
 .debug_info    0x00000f49      0x1e9 CMakeFiles/opsys.dir/Sources/keyboard/ps-2Interface.c.obj
 .debug_info    0x00001132      0x449 CMakeFiles/opsys.dir/Sources/general/allocator.c.obj
 .debug_info    0x0000157b      0x15d CMakeFiles/opsys.dir/Sources/general/interruptController.c.obj

.debug_abbrev   0x00000000      0xaee
 .debug_abbrev  0x00000000       0x24 CMakeFiles/opsys.dir/Startup/startup_stm32f407vgtx.s.obj
 .debug_abbrev  0x00000024       0xa4 CMakeFiles/opsys.dir/Sources/main.c.obj
 .debug_abbrev  0x000000c8      0x1a4 CMakeFiles/opsys.dir/Sources/lcd/screenDriver.c.obj
 .debug_abbrev  0x0000026c       0x56 CMakeFiles/opsys.dir/Sources/lcd/font.c.obj
 .debug_abbrev  0x000002c2      0x12c CMakeFiles/opsys.dir/Sources/general/mcuHeader.c.obj
 .debug_abbrev  0x000003ee      0x20b CMakeFiles/opsys.dir/Sources/flash/flashManager.c.obj
 .debug_abbrev  0x000005f9      0x125 CMakeFiles/opsys.dir/Sources/programs/fileViewer.c.obj
 .debug_abbrev  0x0000071e      0x150 CMakeFiles/opsys.dir/Sources/keyboard/ps-2Interface.c.obj
 .debug_abbrev  0x0000086e      0x16c CMakeFiles/opsys.dir/Sources/general/allocator.c.obj
 .debug_abbrev  0x000009da      0x114 CMakeFiles/opsys.dir/Sources/general/interruptController.c.obj

.debug_aranges  0x00000000      0x140
 .debug_aranges
                0x00000000       0x28 CMakeFiles/opsys.dir/Startup/startup_stm32f407vgtx.s.obj
 .debug_aranges
                0x00000028       0x20 CMakeFiles/opsys.dir/Sources/main.c.obj
 .debug_aranges
                0x00000048       0x20 CMakeFiles/opsys.dir/Sources/lcd/screenDriver.c.obj
 .debug_aranges
                0x00000068       0x18 CMakeFiles/opsys.dir/Sources/lcd/font.c.obj
 .debug_aranges
                0x00000080       0x20 CMakeFiles/opsys.dir/Sources/general/mcuHeader.c.obj
 .debug_aranges
                0x000000a0       0x20 CMakeFiles/opsys.dir/Sources/flash/flashManager.c.obj
 .debug_aranges
                0x000000c0       0x20 CMakeFiles/opsys.dir/Sources/programs/fileViewer.c.obj
 .debug_aranges
                0x000000e0       0x20 CMakeFiles/opsys.dir/Sources/keyboard/ps-2Interface.c.obj
 .debug_aranges
                0x00000100       0x20 CMakeFiles/opsys.dir/Sources/general/allocator.c.obj
 .debug_aranges
                0x00000120       0x20 CMakeFiles/opsys.dir/Sources/general/interruptController.c.obj

.debug_str      0x00000000      0x91b
 .debug_str     0x00000000      0x91b CMakeFiles/opsys.dir/Startup/startup_stm32f407vgtx.s.obj
                                 0xa8 (size before relaxing)
 .debug_str     0x0000091b      0x1fc CMakeFiles/opsys.dir/Sources/main.c.obj
 .debug_str     0x0000091b      0x28c CMakeFiles/opsys.dir/Sources/lcd/screenDriver.c.obj
 .debug_str     0x0000091b      0x110 CMakeFiles/opsys.dir/Sources/lcd/font.c.obj
 .debug_str     0x0000091b      0x203 CMakeFiles/opsys.dir/Sources/general/mcuHeader.c.obj
 .debug_str     0x0000091b      0x339 CMakeFiles/opsys.dir/Sources/flash/flashManager.c.obj
 .debug_str     0x0000091b      0x250 CMakeFiles/opsys.dir/Sources/programs/fileViewer.c.obj
 .debug_str     0x0000091b      0x288 CMakeFiles/opsys.dir/Sources/keyboard/ps-2Interface.c.obj
 .debug_str     0x0000091b      0x27d CMakeFiles/opsys.dir/Sources/general/allocator.c.obj
 .debug_str     0x0000091b      0x1fc CMakeFiles/opsys.dir/Sources/general/interruptController.c.obj

.debug_rnglists
                0x00000000       0x19
 .debug_rnglists
                0x00000000       0x19 CMakeFiles/opsys.dir/Startup/startup_stm32f407vgtx.s.obj

.comment        0x00000000       0x43
 .comment       0x00000000       0x43 CMakeFiles/opsys.dir/Sources/main.c.obj
                                 0x44 (size before relaxing)
 .comment       0x00000043       0x44 CMakeFiles/opsys.dir/Sources/lcd/screenDriver.c.obj
 .comment       0x00000043       0x44 CMakeFiles/opsys.dir/Sources/lcd/font.c.obj
 .comment       0x00000043       0x44 CMakeFiles/opsys.dir/Sources/general/mcuHeader.c.obj
 .comment       0x00000043       0x44 CMakeFiles/opsys.dir/Sources/flash/flashManager.c.obj
 .comment       0x00000043       0x44 CMakeFiles/opsys.dir/Sources/programs/fileViewer.c.obj
 .comment       0x00000043       0x44 CMakeFiles/opsys.dir/Sources/keyboard/ps-2Interface.c.obj
 .comment       0x00000043       0x44 CMakeFiles/opsys.dir/Sources/general/allocator.c.obj
 .comment       0x00000043       0x44 CMakeFiles/opsys.dir/Sources/general/interruptController.c.obj
